// Jest Snapshot v1, https://goo.gl/fbAQLP

exports[`Queries fetches an array of users 1`] = `Promise {}`;
